[2026-09-22 00:14:18] [TRAY] Tray application started.


========================================
JARVIS START: 2026-09-22 00:14:18.726398
========================================

==========================================
              JARVIS ONLINE
==========================================

Persistent memory: ENABLED
Screen vision: ENABLED
Browser control: ENABLED
Windows control: ENABLED
Local speech recognition: ENABLED
Local wake word: ENABLED

Wake phrase: "Hey Jarvis"
Say the wake phrase, wait for the beep, then speak your command.

Mouse emergency stop: move the cursor to the TOP-LEFT corner.

Press Ctrl+C while Jarvis is waiting for the wake word to return to text mode.

[WAKE] Starting local wake-word engine...
[WAKE] Preparing Hey Jarvis model...
[WAKE] Loading wake-word model...
[WAKE] Wake-word model ready.

JARVIS: Standing by.

[WAKE] Listening for "Hey Jarvis"...
[2026-09-22 00:15:16] [TRAY] Windows startup installed.
[2026-09-22 00:16:11] [TRAY] Stopping Jarvis PID=33976
[2026-09-22 00:16:11] [TRAY] Jarvis stopped.
